本课程希望教会您如何挖掘现有工具的潜力，并向您介绍一些新的工具。
也许我们还可以促使您想要去探索（甚至是去开发）更多的工具。 我们认为这是大多数计算机科学相关课程中缺少的重要一环。

Lecture one:Course Overview + The Shell

几乎所有您能够接触到的平台都支持某种形式的 shell，有些甚至还提供了多种 shell 供您选择。
虽然它们之间有些细节上的差异，但是其核心功能都是一样的：它允许你执行程序，输入并获取某种半结构化的输出。
本节课我们会使用 Bourne Again SHell, 简称 “bash” 。 这是被最广泛使用的一种 shell，它的语法和其他的 shell 都是类似的。
打开shell 提示符（您输入指令的地方），您首先需要打开 终端 。您的设备通常都已经内置了终端，或者您也可以安装一个，非常简单。
您可以使用Windows Subsystem for Linux(https://docs.microsoft.com/en-us/windows/wsl/)在windows上以获取这一环境。

一.shell的基本命令

1.使用 shell
当您打开终端时，您会看到一个提示符，它看起来一般是这个样子的：
banana0175@localhost:~$
可以使用简单的有参数的指令：
banana0175@localhost:~$ date
结果显示：
Sat May 11 17:26:58 CST 2024

2.echo 程序将指定参数打印出来。
shell 基于空格分割命令并进行解析，然后执行第一个单词代表的程序，并将后续的单词作为程序可以访问的参数。
有：
banana0175@localhost:~$ echo hello
hello
或：
banana0175@localhost:~$ echo "Hello,world"(或者Hello \World,抑或'Hello World')
Hello,world

3.shell 是如何知道去哪里寻找 date 或 echo 的呢？其实，类似于 Python 或 Ruby，shell 是一个编程环境。
当你在 shell 中执行命令时，您实际上是在执行一段 shell 可以解释执行的简短代码。
如果你要求 shell 执行某个指令，但是该指令并不是 shell 所了解的编程关键字，那么它会去咨询 环境变量 $PATH，它会列出当 shell 接到某条指令时，进行程序搜索的路径：
banana0175@localhost:~$ echo $PATH
/usr/local/sbin:/usr/local/bin:/usr/sbin:/usr/bin:/sbin:/bin:/usr/games:/usr/local/games:/usr/lib/wsl/lib:/mnt/c/Windows/system32:
/mnt/c/Windows:/mnt/c/Windows/System32/Wbem:/mnt/c/Windows/System32/WindowsPowerShell/v1.0/:/mnt/c/Windows/System32/OpenSSH/:
/mnt/d/Download/MATLABR2023b/runtime/win64:/mnt/d/Download/MATLABR2023b/bin:/mnt/d/dll:
/mnt/d/桌面/nodejs/:/mnt/d/nodejs/node_global/node_modules/node_cache:/mnt/d/nodejs/node_global/node_modules/node_global:
/mnt/c/Users/96542/miniconda3/Library/mingw-w64/bin:/mnt/c/Users/96542/miniconda3/Library/usr/bin:
/mnt/c/Users/96542/AppData/Roaming/npm:/mnt/d/桌面/Microsoft VS Code/bin:/mnt/d/桌面/opencv/build/x64/vc16/bin:
当我们执行 echo 命令时，shell 了解到需要执行 echo 这个程序，随后它便会在 $PATH 中搜索由冒号所分割的一系列目录，基于名字搜索该程序。
当找到该程序时便执行（假定该文件是 可执行程序，后续课程将详细讲解）。确定某个程序名代表的是哪个具体的程序，可以使用 which 程序。我们也可以绕过 $PATH，通过直接指定需要执行的程序的路径来执行该程序.

 4.Linux 文件系统。如果某个路径以/开头，那么它是一个绝对路径，其他的都是相对路径。绝对路径是完全定义文件位置的路径。
 相对路径是指相对于当前工作目录的路径，当前工作目录可以使用 pwd 命令来获取。
 banana0175@localhost:~$ pwd
/home/banana0175

5.切换目录需要使用 cd 命令。在路径中，. 表示的是当前目录，而 .. 表示上级目录：
banana0175@localhost:~$ pwd
/home/banana0175
banana0175@localhost:~$ cd/home
-bash: cd/home: No such file or directory
banana0175@localhost:~$ cd /home
banana0175@localhost:/home$ cd ..
banana0175@localhost:/$ cd ./home
banana0175@localhost:/home$ cd banana0175
banana0175@localhost:~$ pwd
/home/banana0175

6.为了查看指定目录下包含哪些文件，我们使用 ls 命令:
banana0175@localhost:/home$ cd ..
banana0175@localhost:/$ ls
bin   dev  home  lib    lib64   lost+found  mnt  proc  run   semester  srv  tmp  var
boot  etc  init  lib32  libx32  media       opt  root  sbin  snap      sys  usr
值得注意的是:~代表主目录,同时-代表之前所在的文件夹
关于更多用法，可以：
banana0175@localhost:/$ ls --help
其中值得注意的是 -l，可以用长格式输出目录
lrwxrwxrwx   1 root root       7 Nov 23 05:36 bin -> usr/bin
drwxr-xr-x   2 root root    4096 Apr 18  2022 boot
首先，本行第一个字符 d 表示 missing 是一个目录。然后接下来的九个字符，每三个字符构成一组。
（rwx）. 它们分别代表了文件所有者（missing），用户组（users） 以及其他所有人具有的权限。
其中 - 表示该用户不具备相应的权限。从上面的信息来看，只有文件所有者可以修改（w），missing 文件夹 （例如，添加或删除文件夹中的文件）。
为了进入某个文件夹，用户需要具备该文件夹以及其父文件夹的“搜索”权限（以“可执行”：x）权限表示。为了列出它的包含的内容，用户必须对该文件夹具备读权限（r）。
对于文件来说，权限的意义也是类似的。注意，/bin 目录下的程序在最后一组，即表示所有人的用户组中，均包含 x 权限，也就是说任何人都可以执行这些程序。

7.mv（用于重命名或移动文件）、 cp（拷贝文件）以及 mkdir（新建文件夹）也是重要的命令。
man会接受一个程序名作为参数，然后展现程序的文档（用户手册）
对于mv:移动指令，允许重命名文件
banana0175@localhost:~/snap$ ls
test  ubuntu-desktop-installer
在使用的时候，需要引入当前路径和放置路径
banana0175@localhost:~/snap$ mv test chenshu
banana0175@localhost:~/snap$ ls
chenshu  ubuntu-desktop-installer
对于cp：允许复制文件
banana0175@localhost:~/snap/chenshu$ cp -r a ../b
banana0175@localhost:~/snap/chenshu$ cd ../
banana0175@localhost:~/snap$ ls
b  chenshu  ubuntu-desktop-installer
对于rm：允许删除文件（另有rmdir允许删除目录）
banana0175@localhost:~/snap/chenshu$ rm -r a
banana0175@localhost:~/snap/chenshu$ ls
对应的，存在mkdir用来创建文件

值得注意：control键加l起到clc的作用

二.程序的组合与交互：流表示法
输出流------输入流
在 shell 中，程序有两个主要的“流”：输入流和输出流。 
当程序尝试读取信息时，它们会从输入流中进行读取，当程序打印信息时，它们会将信息输出到输出流中。 
通常程序的输入输出流就是终端，即键盘作为输入，显示器作为输出。但是也可以被重定向。

1.使用尖括号
左尖括号 < 表示将此程序的输入重新分配给此文件的内容
右尖括号 > 表示将此程序的输出重新分配给此文件
cat 显示文件的内容
首先有：
banana0175@localhost:~$ echo hello > hello.txt
banana0175@localhost:~$ cat hello.txt
hello
cat还支持其他种类的重定向，又有：
banana0175@localhost:~$ cat < hello.txt
hello
在其中，cat从文件中获取输入，则shell从文件中获得内容并将它设为cat的输入，cat将其打印到输出中。
同时使用的情景：
banana0175@localhost:~$ cat < hello.txt > hello2.txt
banana0175@localhost:~$ cat  hello2.txt
hello
还有>>,表示对目标文件的内容进行添加，而不是覆盖
banana0175@localhost:~$ cat < hello.txt >> hello2.txt
banana0175@localhost:~$ cat hello2.txt
hello
hello

2.管道符|的初步使用
|表示将其左边程序的输出作为其右边程序的输入
试举一例：如果只想输出以下信息的最后一行
banana0175@localhost:~$ ls -l
total 12
-rw-r--r-- 1 banana0175 banana0175    6 May 11 23:07 hello.txt
-rw-r--r-- 1 banana0175 banana0175   12 May 12 22:33 hello2.txt
drwx------ 3 banana0175 banana0175 4096 May 11 22:40 snap
banana0175@localhost:~$ ls -l | tail -n1
drwx------ 3 banana0175 banana0175 4096 May 11 22:40 snap
其中ls 和 tail 之间互不知晓，管道只是将二者连接在一起

3.root用户的概念
作为root用户执行命令：sudo + 指令
或者使用 sudo su 以获得一个不同权限的终端

课后练习

本课程中的每节课都包含一系列练习题。有些题目是有明确目的的，另外一些则是开放题，例如“尝试使用 X 和 Y”，我们强烈建议您一定要动手实践，用于尝试这些内容。 
此外，我们没有为这些练习题提供答案。如果有任何困难，您可以发送邮件给我们并描述你已经做出的尝试，我们会设法帮您解答。

    1.本课程需要使用类Unix shell。
    使用echo $SHELL命令可以查看您的 shell 是否满足要求。如果打印结果为/bin/bash或/usr/bin/zsh则是可以的。
    2.在 /tmp 下新建一个名为 missing 的文件夹。
    3.用 man 查看程序 touch 的使用手册。
    4.用 touch 在 missing 文件夹中新建一个叫 semester 的文件。
    5.将以下内容一行一行地写入 semester 文件：
    #!/bin/sh
    curl --head --silent https://missing.csail.mit.edu
    第一行可能有点棘手， # 在Bash中表示注释，而 ! 即使被双引号（"）包裹也具有特殊的含义。 单引号（'）则不一样，此处利用这一点解决输入问题。更多信息请参考 Bash quoting 手册
    6.尝试执行这个文件。例如，将该脚本的路径（./semester）输入到您的shell中并回车。如果程序无法执行，请使用 ls 命令来获取信息并理解其不能执行的原因。
    7.查看 chmod 的手册(例如，使用 man chmod 命令)
    8.使用 chmod 命令改变权限，使 ./semester 能够成功执行，不要使用 sh semester 来执行该程序。您的 shell 是如何知晓这个文件需要使用 sh 来解析呢？更多信息请参考：https://en.wikipedia.org/wiki/Shebang_(Unix)
    9.使用 | 和 > ，将 semester 文件输出的最后更改日期信息，写入主目录下的 last-modified.txt 的文件中
    10.写一段命令来从 /sys 中获取笔记本的电量信息，或者台式机 CPU 的温度。注意：macOS 并没有 sysfs，所以 Mac 用户可以跳过这一题。

课后练习反思:(答案见https://missing-semester-cn.github.io/missing-notes-and-solutions/2020/solutions/course-shell-solution/)
chmod 是一个用于更改文件或目录权限的命令，其名称来自"change mode"。在Linux和Unix系统中，chmod 命令允许用户更改文件或目录的读取、写入和执行权限。以下是 chmod 命令的详细介绍：
基本语法：chmod [选项] 模式 文件或目录
常用选项：-R：递归操作，会同时更改目录及其所有子目录的权限。  -v：显示操作过程，详细展示每个文件的权限更改。  -c：仅在文件权限发生实际更改时显示信息。  -f：当发生错误时不显示任何信息。
权限模式（模式）：
格式：[ugoa][+-=][rwx]，其中：
        u 表示文件所有者（用户）
        g 表示文件所属组
        o 表示其他用户
        a 表示所有用户
        +表示添加权限
        -表示移除权限
        = 表示设定权限
示例：
    将文件或目录的所有用户权限设置为只读：chmod a=r file.txt
    将文件或目录的所有用户权限设置为读取、写入、执行：chmod a=rwx directory
    为文件所有者添加执行权限：chmod u+x script.sh
    为文件的所属组添加读取权限：chmod g+r file.txt
    递归更改目录及其子目录的权限：chmod -R a+r directory

Lecture two:Shell Tools and Scripting

在这节课中，我们将会展示 bash 作为脚本语言的一些基础操作，以及几种最常用的 shell 工具

一.shell脚本

1.创建变量
shell中创建变量的语法是foo=bar，同时通过$foo来获得变量的值
banana0175@localhost:~$ foo=bar
banana0175@localhost:~$ echo $foo
bar
同时注意：在此处单引号与双引号用在字符串上的结果不同
banana0175@localhost:~$ echo "The value is $e"
The value is 2
banana0175@localhost:~$ echo 'The value is $e'
The value is $e

2.创建函数
bash 也支持函数，它可以接受参数并基于参数进行操作。
有以下例子，它创建一个文件夹并使用cd进入该文件夹。
首先创建一个函数：
banana0175@localhost:~$ vim mcd.sh
输入exit进入编辑模式
mcd (){
    mkdir -p "$1"
    cd "$1"
}
~ 
按下 Esc 键，然后输入:q！并按下 Enter 键退出该程序。
这里 $1 是脚本的第一个参数。与其他脚本语言不同的是，bash使用了很多特殊的变量来表示参数、错误代码和相关变量。下面列举了其中一些变量：
    $0 - 脚本名
    $1 到 $9 - 脚本的参数。 $1 是第一个参数，依此类推。
    $@ - 所有参数
    $# - 参数个数
    $? - 前一个命令的返回值
    $$ - 当前脚本的进程识别码
    !! - 完整的上一条命令，包括参数。常见应用：当你因为权限不足执行命令失败时，可以使用 sudo !!再尝试一次。
    $_ - 上一条命令的最后一个参数。如果你正在使用的是交互式 shell，你可以通过按下 Esc 之后键入 . 来获取这个值

3.
